<?xml version="1.0" encoding="UTF-8"?>
<testsuites name="jest tests" tests="4" failures="4" time="7.351">
  <testsuite name="Contacts APP" errors="0" failures="4" skipped="0" timestamp="2020-06-10T15:25:55" time="5.936" tests="4">
    <testcase classname="Contacts APP Should render Contact component" name="Contacts APP Should render Contact component" time="0.06">
      <failure>Error: Unable to find an element by: [data-testid=&quot;contact&quot;]

&lt;body&gt;
  &lt;div&gt;
    &lt;article
      class=&quot;contact&quot;
    /&gt;
  &lt;/div&gt;
&lt;/body&gt;
    at Object.getElementError (/home/arnaldoquagliato/codenation/react-13/node_modules/@testing-library/dom/dist/config.js:34:12)
    at /home/arnaldoquagliato/codenation/react-13/node_modules/@testing-library/dom/dist/query-helpers.js:71:38
    at getByTestId (/home/arnaldoquagliato/codenation/react-13/node_modules/@testing-library/dom/dist/query-helpers.js:54:17)
    at Object.&lt;anonymous&gt; (/home/arnaldoquagliato/codenation/react-13/src/__tests__/submit.test.js:22:21)
    at Object.asyncJestTest (/home/arnaldoquagliato/codenation/react-13/node_modules/jest-jasmine2/build/jasmineAsyncInstall.js:102:37)
    at /home/arnaldoquagliato/codenation/react-13/node_modules/jest-jasmine2/build/queueRunner.js:43:12
    at new Promise (&lt;anonymous&gt;)
    at mapper (/home/arnaldoquagliato/codenation/react-13/node_modules/jest-jasmine2/build/queueRunner.js:26:19)
    at /home/arnaldoquagliato/codenation/react-13/node_modules/jest-jasmine2/build/queueRunner.js:73:41
    at processTicksAndRejections (internal/process/task_queues.js:97:5)</failure>
    </testcase>
    <testcase classname="Contacts APP Should render Contacts component" name="Contacts APP Should render Contacts component" time="0.014">
      <failure>Error: Unable to find an element by: [data-testid=&quot;contacts&quot;]

&lt;body&gt;
  &lt;div&gt;
    &lt;section
      class=&quot;contacts&quot;
    /&gt;
  &lt;/div&gt;
&lt;/body&gt;
    at Object.getElementError (/home/arnaldoquagliato/codenation/react-13/node_modules/@testing-library/dom/dist/config.js:34:12)
    at /home/arnaldoquagliato/codenation/react-13/node_modules/@testing-library/dom/dist/query-helpers.js:71:38
    at getByTestId (/home/arnaldoquagliato/codenation/react-13/node_modules/@testing-library/dom/dist/query-helpers.js:54:17)
    at Object.&lt;anonymous&gt; (/home/arnaldoquagliato/codenation/react-13/src/__tests__/submit.test.js:30:21)
    at Object.asyncJestTest (/home/arnaldoquagliato/codenation/react-13/node_modules/jest-jasmine2/build/jasmineAsyncInstall.js:102:37)
    at /home/arnaldoquagliato/codenation/react-13/node_modules/jest-jasmine2/build/queueRunner.js:43:12
    at new Promise (&lt;anonymous&gt;)
    at mapper (/home/arnaldoquagliato/codenation/react-13/node_modules/jest-jasmine2/build/queueRunner.js:26:19)
    at /home/arnaldoquagliato/codenation/react-13/node_modules/jest-jasmine2/build/queueRunner.js:73:41</failure>
    </testcase>
    <testcase classname="Contacts APP Should render Filters component" name="Contacts APP Should render Filters component" time="0.006">
      <failure>Error: Unable to find an element by: [data-testid=&quot;filters&quot;]

&lt;body&gt;
  &lt;div&gt;
    &lt;section
      class=&quot;filters&quot;
    /&gt;
  &lt;/div&gt;
&lt;/body&gt;
    at Object.getElementError (/home/arnaldoquagliato/codenation/react-13/node_modules/@testing-library/dom/dist/config.js:34:12)
    at /home/arnaldoquagliato/codenation/react-13/node_modules/@testing-library/dom/dist/query-helpers.js:71:38
    at getByTestId (/home/arnaldoquagliato/codenation/react-13/node_modules/@testing-library/dom/dist/query-helpers.js:54:17)
    at Object.&lt;anonymous&gt; (/home/arnaldoquagliato/codenation/react-13/src/__tests__/submit.test.js:38:21)
    at Object.asyncJestTest (/home/arnaldoquagliato/codenation/react-13/node_modules/jest-jasmine2/build/jasmineAsyncInstall.js:102:37)
    at /home/arnaldoquagliato/codenation/react-13/node_modules/jest-jasmine2/build/queueRunner.js:43:12
    at new Promise (&lt;anonymous&gt;)
    at mapper (/home/arnaldoquagliato/codenation/react-13/node_modules/jest-jasmine2/build/queueRunner.js:26:19)
    at /home/arnaldoquagliato/codenation/react-13/node_modules/jest-jasmine2/build/queueRunner.js:73:41</failure>
    </testcase>
    <testcase classname="Contacts APP Should render Topbar component" name="Contacts APP Should render Topbar component" time="0.008">
      <failure>Error: Unable to find an element by: [data-testid=&quot;topbar&quot;]

&lt;body&gt;
  &lt;div&gt;
    &lt;div
      class=&quot;topbar&quot;
    /&gt;
  &lt;/div&gt;
&lt;/body&gt;
    at Object.getElementError (/home/arnaldoquagliato/codenation/react-13/node_modules/@testing-library/dom/dist/config.js:34:12)
    at /home/arnaldoquagliato/codenation/react-13/node_modules/@testing-library/dom/dist/query-helpers.js:71:38
    at getByTestId (/home/arnaldoquagliato/codenation/react-13/node_modules/@testing-library/dom/dist/query-helpers.js:54:17)
    at Object.&lt;anonymous&gt; (/home/arnaldoquagliato/codenation/react-13/src/__tests__/submit.test.js:46:21)
    at Object.asyncJestTest (/home/arnaldoquagliato/codenation/react-13/node_modules/jest-jasmine2/build/jasmineAsyncInstall.js:102:37)
    at /home/arnaldoquagliato/codenation/react-13/node_modules/jest-jasmine2/build/queueRunner.js:43:12
    at new Promise (&lt;anonymous&gt;)
    at mapper (/home/arnaldoquagliato/codenation/react-13/node_modules/jest-jasmine2/build/queueRunner.js:26:19)
    at /home/arnaldoquagliato/codenation/react-13/node_modules/jest-jasmine2/build/queueRunner.js:73:41</failure>
    </testcase>
  </testsuite>
</testsuites>